// Jest Snapshot v1, https://goo.gl/fbAQLP

exports[`Should render ExpenseListFilters component 1`] = `undefined`;
