// Jest Snapshot v1, https://goo.gl/fbAQLP

exports[`should render the Expense Item 1`] = `
<div>
  <Link
    replace={false}
    to="/edit/1"
  >
    <h3>
      Description: 
      gum
    </h3>
  </Link>
  <p>
    Amount: 
    $1.99
  </p>
  <p>
    Date: 
    December 31st, 1969
  </p>
</div>
`;
