// Jest Snapshot v1, https://goo.gl/fbAQLP

exports[`should render Login Page successfully 1`] = `
<div>
  <button>
    Login In
  </button>
</div>
`;
